\BOOKMARK [1][-]{section.1}{\376\377\000I\000n\000t\000r\000o\000d\000u\000c\000t\000i\000o\000n}{}% 1
\BOOKMARK [1][-]{section.2}{\376\377\000P\000r\000\351\000r\000e\000q\000u\000i\000s}{}% 2
\BOOKMARK [1][-]{section.3}{\376\377\000P\000r\000e\000m\000i\000\350\000r\000e\000\040\000p\000h\000a\000s\000e\000\040\000d\000u\000\040\000T\000P}{}% 3
\BOOKMARK [2][-]{subsection.3.1}{\376\377\000E\000x\000e\000r\000c\000i\000c\000e\000\040\0001}{section.3}% 4
\BOOKMARK [3][-]{subsubsection.3.1.1}{\376\377\000O\000b\000j\000e\000c\000t\000i\000f}{subsection.3.1}% 5
\BOOKMARK [3][-]{subsubsection.3.1.2}{\376\377\000A\000r\000c\000h\000i\000t\000e\000c\000t\000u\000r\000e\000\040\000d\000u\000\040\000c\000o\000d\000e}{subsection.3.1}% 6
\BOOKMARK [3][-]{subsubsection.3.1.3}{\376\377\000F\000o\000r\000m\000u\000l\000e\000s\000\040\000t\000e\000s\000t\000\351\000e\000s}{subsection.3.1}% 7
\BOOKMARK [3][-]{subsubsection.3.1.4}{\376\377\000V\000i\000s\000u\000a\000l\000i\000s\000a\000t\000i\000o\000n}{subsection.3.1}% 8
\BOOKMARK [3][-]{subsubsection.3.1.5}{\376\377\000A\000n\000a\000l\000y\000s\000e\000\040\000e\000t\000\040\000r\000\351\000s\000u\000l\000t\000a\000t}{subsection.3.1}% 9
\BOOKMARK [2][-]{subsection.3.2}{\376\377\000E\000x\000e\000r\000c\000i\000c\000e\000\040\0002}{section.3}% 10
\BOOKMARK [3][-]{subsubsection.3.2.1}{\376\377\000O\000b\000j\000e\000c\000t\000i\000f}{subsection.3.2}% 11
\BOOKMARK [3][-]{subsubsection.3.2.2}{\376\377\000A\000r\000c\000h\000i\000t\000e\000c\000t\000u\000r\000e\000\040\000d\000u\000\040\000c\000o\000d\000e}{subsection.3.2}% 12
\BOOKMARK [3][-]{subsubsection.3.2.3}{\376\377\000D\000e\000s\000c\000r\000i\000p\000t\000i\000o\000n\000\040\000d\000u\000\040\000c\000o\000d\000e}{subsection.3.2}% 13
\BOOKMARK [3][-]{subsubsection.3.2.4}{\376\377\000A\000n\000a\000l\000y\000s\000e\000\040\000d\000e\000s\000\040\000r\000\351\000s\000u\000l\000t\000a\000t\000s}{subsection.3.2}% 14
\BOOKMARK [1][-]{section.4}{\376\377\000S\000e\000c\000o\000n\000d\000e\000\040\000p\000h\000a\000s\000e\000\040\000d\000u\000\040\000T\000P}{}% 15
\BOOKMARK [2][-]{subsection.4.1}{\376\377\000A\000r\000c\000h\000i\000t\000e\000c\000t\000u\000r\000e\000\040\000d\000u\000\040\000c\000o\000d\000e}{section.4}% 16
\BOOKMARK [2][-]{subsection.4.2}{\376\377\000A\000n\000a\000l\000y\000s\000e\000\040\000d\000e\000s\000\040\000r\000\351\000s\000u\000l\000t\000a\000t\000s}{section.4}% 17
\BOOKMARK [3][-]{subsubsection.4.2.1}{\376\377\000C\000o\000m\000p\000o\000r\000t\000e\000m\000e\000n\000t\000\040\000d\000e\000s\000\040\000d\000i\000s\000t\000r\000i\000b\000u\000t\000i\000o\000n\000s}{subsection.4.2}% 18
\BOOKMARK [3][-]{subsubsection.4.2.2}{\376\377\000C\000o\000n\000v\000e\000r\000g\000e\000n\000c\000e\000\040\000e\000t\000\040\000l\000o\000i\000\040\000d\000e\000s\000\040\000g\000r\000a\000n\000d\000s\000\040\000n\000o\000m\000b\000r\000e\000s}{subsection.4.2}% 19
\BOOKMARK [1][-]{section.5}{\376\377\000A\000n\000n\000e\000x\000e\000s}{}% 20
\BOOKMARK [2][-]{subsubsection.5.0.1}{\376\377\000E\000x\000e\000r\000c\000i\000c\000e\000\040\0001}{section.5}% 21
\BOOKMARK [3][-]{subsubsection.5.0.2}{\376\377\000E\000x\000e\000r\000c\000i\000c\000e\000\040\0002}{subsubsection.5.0.1}% 22
\BOOKMARK [3][-]{subsubsection.5.0.3}{\376\377\000P\000h\000a\000s\000e\000\040\000d\000e\000\040\000g\000r\000o\000u\000p\000e}{subsubsection.5.0.1}% 23
