\BOOKMARK [1][-]{section.1}{\376\377\000I\000n\000t\000r\000o\000d\000u\000c\000t\000i\000o\000n}{}% 1
\BOOKMARK [1][-]{section.2}{\376\377\000O\000b\000j\000e\000c\000t\000i\000f\000s\000\040\000d\000e\000\040\000l\000a\000\040\000s\000\351\000a\000n\000c\000e\000\040\0002}{}% 2
\BOOKMARK [2][-]{subsection.2.1}{\376\377\000O\000b\000j\000e\000c\000t\000i\000f\000s\000\040\000f\000o\000n\000c\000t\000i\000o\000n\000n\000e\000l\000s}{section.2}% 3
\BOOKMARK [2][-]{subsection.2.2}{\376\377\000O\000b\000j\000e\000c\000t\000i\000f\000s\000\040\000l\000o\000g\000i\000c\000i\000e\000l\000s}{section.2}% 4
\BOOKMARK [1][-]{section.3}{\376\377\000R\000a\000p\000p\000e\000l\000\040\000d\000u\000\040\000m\000o\000d\000\350\000l\000e\000\040\000s\000i\000m\000u\000l\000\351}{}% 5
\BOOKMARK [2][-]{subsection.3.1}{\376\377\000A\000r\000c\000h\000i\000t\000e\000c\000t\000u\000r\000e\000\040\000g\000\351\000n\000\351\000r\000a\000l\000e}{section.3}% 6
\BOOKMARK [2][-]{subsection.3.2}{\376\377\000\311\000v\000\351\000n\000e\000m\000e\000n\000t\000s\000\040\000m\000a\000n\000i\000p\000u\000l\000\351\000s}{section.3}% 7
\BOOKMARK [2][-]{subsection.3.3}{\376\377\000V\000a\000r\000i\000a\000b\000l\000e\000s\000\040\000i\000m\000p\000o\000r\000t\000a\000n\000t\000e\000s\000\040\000d\000u\000\040\000m\000o\000d\000\350\000l\000e}{section.3}% 8
\BOOKMARK [1][-]{section.4}{\376\377\000O\000r\000g\000a\000n\000i\000s\000a\000t\000i\000o\000n\000\040\000d\000u\000\040\000p\000r\000o\000j\000e\000t}{}% 9
\BOOKMARK [2][-]{subsection.4.1}{\376\377\000A\000r\000b\000o\000r\000e\000s\000c\000e\000n\000c\000e\000\040\000l\000o\000g\000i\000q\000u\000e}{section.4}% 10
\BOOKMARK [2][-]{subsection.4.2}{\376\377\000C\000o\000m\000m\000a\000n\000d\000e\000s\000\040\000d\040\031\000e\000x\000\351\000c\000u\000t\000i\000o\000n}{section.4}% 11
\BOOKMARK [1][-]{section.5}{\376\377\000A\000r\000c\000h\000i\000t\000e\000c\000t\000u\000r\000e\000\040\000o\000r\000i\000e\000n\000t\000\351\000e\000\040\000o\000b\000j\000e\000t\000\040\000d\000e\000\040\000l\000a\000\040\000s\000\351\000a\000n\000c\000e\000\040\0002}{}% 12
\BOOKMARK [2][-]{subsection.5.1}{\376\377\000I\000n\000t\000e\000r\000f\000a\000c\000e\000s\000\040\000e\000t\000\040\000i\000m\000p\000l\000\351\000m\000e\000n\000t\000a\000t\000i\000o\000n\000s}{section.5}% 13
\BOOKMARK [2][-]{subsection.5.2}{\376\377\000R\000e\000l\000a\000t\000i\000o\000n\000s\000\040\000e\000n\000t\000r\000e\000\040\000l\000e\000s\000\040\000c\000o\000m\000p\000o\000s\000a\000n\000t\000s}{section.5}% 14
\BOOKMARK [2][-]{subsection.5.3}{\376\377\000R\000\364\000l\000e\000\040\000d\000e\000\040\000l\000a\000\040\000c\000o\000n\000f\000i\000g\000u\000r\000a\000t\000i\000o\000n}{section.5}% 15
\BOOKMARK [1][-]{section.6}{\376\377\000L\000a\000\040\000c\000l\000a\000s\000s\000e\000\040\000C\000o\000n\000f\000i\000g\000I\000m\000p\000l}{}% 16
\BOOKMARK [2][-]{subsection.6.1}{\376\377\000R\000\364\000l\000e\000\040\000g\000\351\000n\000\351\000r\000a\000l}{section.6}% 17
\BOOKMARK [2][-]{subsection.6.2}{\376\377\000S\000t\000r\000u\000c\000t\000u\000r\000e\000\040\000d\000u\000\040\000f\000i\000c\000h\000i\000e\000r}{section.6}% 18
\BOOKMARK [2][-]{subsection.6.3}{\376\377\000T\000e\000s\000t\000\040\000d\000e\000\040\000c\000o\000n\000f\000i\000g\000u\000r\000a\000t\000i\000o\000n}{section.6}% 19
\BOOKMARK [2][-]{subsection.6.4}{\376\377\000I\000n\000t\000\351\000r\000\352\000t\000\040\000d\000a\000n\000s\000\040\000l\000e\000\040\000s\000i\000m\000u\000l\000a\000t\000e\000u\000r}{section.6}% 20
\BOOKMARK [1][-]{section.7}{\376\377\000G\000\351\000n\000\351\000r\000a\000t\000i\000o\000n\000\040\000a\000l\000\351\000a\000t\000o\000i\000r\000e\000\040\000:\000\040\000D\000i\000s\000t\000r\000i\000b\000u\000t\000i\000o\000n\000\040\000e\000t\000\040\000P\000o\000i\000s\000s\000o\000n}{}% 21
\BOOKMARK [2][-]{subsection.7.1}{\376\377\000R\000\364\000l\000e\000\040\000d\000e\000s\000\040\000d\000i\000s\000t\000r\000i\000b\000u\000t\000i\000o\000n\000s}{section.7}% 22
\BOOKMARK [2][-]{subsection.7.2}{\376\377\000C\000l\000a\000s\000s\000e\000\040\000D\000i\000s\000t\000r\000i\000b\000u\000t\000i\000o\000n}{section.7}% 23
\BOOKMARK [2][-]{subsection.7.3}{\376\377\000C\000l\000a\000s\000s\000e\000\040\000P\000o\000i\000s\000s\000o\000n}{section.7}% 24
\BOOKMARK [2][-]{subsection.7.4}{\376\377\000L\000i\000e\000n\000\040\000a\000v\000e\000c\000\040\000l\000e\000s\000\040\000f\000i\000l\000e\000s\000\040\000d\040\031\000a\000t\000t\000e\000n\000t\000e}{section.7}% 25
\BOOKMARK [1][-]{section.8}{\376\377\000L\000a\000\040\000c\000l\000a\000s\000s\000e\000\040\000C\000l\000i\000e\000n\000t\000I\000m\000p\000l}{}% 26
\BOOKMARK [2][-]{subsection.8.1}{\376\377\000R\000\364\000l\000e\000\040\000d\000u\000\040\000c\000l\000i\000e\000n\000t}{section.8}% 27
\BOOKMARK [2][-]{subsection.8.2}{\376\377\000D\000\351\000p\000e\000n\000d\000a\000n\000c\000e\000s\000\040\000d\000e\000\040\000C\000l\000i\000e\000n\000t\000I\000m\000p\000l}{section.8}% 28
\BOOKMARK [2][-]{subsection.8.3}{\376\377\000I\000n\000t\000e\000r\000f\000a\000c\000e\000\040\000I\000C\000l\000i\000e\000n\000t}{section.8}% 29
\BOOKMARK [2][-]{subsection.8.4}{\376\377\000C\000o\000n\000f\000i\000g\000u\000r\000a\000t\000i\000o\000n\000\040\000d\000u\000\040\000l\000o\000g\000g\000i\000n\000g}{section.8}% 30
\BOOKMARK [2][-]{subsection.8.5}{\376\377\000C\000o\000m\000p\000o\000r\000t\000e\000m\000e\000n\000t\000\040\000a\000t\000t\000e\000n\000d\000u}{section.8}% 31
\BOOKMARK [1][-]{section.9}{\376\377\000L\000a\000\040\000c\000l\000a\000s\000s\000e\000\040\000Q\000u\000e\000u\000e\000I\000m\000p\000l}{}% 32
\BOOKMARK [2][-]{subsection.9.1}{\376\377\000R\000\364\000l\000e\000\040\000d\000e\000\040\000l\000a\000\040\000f\000i\000l\000e\000\040\000d\040\031\000a\000t\000t\000e\000n\000t\000e}{section.9}% 33
\BOOKMARK [2][-]{subsection.9.2}{\376\377\000D\000\351\000p\000e\000n\000d\000a\000n\000c\000e\000s\000\040\000d\000e\000\040\000Q\000u\000e\000u\000e\000I\000m\000p\000l}{section.9}% 34
\BOOKMARK [2][-]{subsection.9.3}{\376\377\000I\000n\000t\000e\000r\000f\000a\000c\000e\000\040\000I\000Q\000u\000e\000u\000e}{section.9}% 35
\BOOKMARK [2][-]{subsection.9.4}{\376\377\000O\000p\000\351\000r\000a\000t\000i\000o\000n\000s\000\040\000a\000t\000t\000e\000n\000d\000u\000e\000s}{section.9}% 36
\BOOKMARK [2][-]{subsection.9.5}{\376\377\000L\000i\000e\000n\000\040\000a\000v\000e\000c\000\040\000l\000e\000s\000\040\000m\000o\000d\000\350\000l\000e\000s\000\040\000M\000/\000M\000/\0001\000/\000K}{section.9}% 37
\BOOKMARK [1][-]{section.10}{\376\377\000L\000a\000\040\000c\000l\000a\000s\000s\000e\000\040\000S\000e\000r\000v\000e\000r\000I\000m\000p\000l}{}% 38
\BOOKMARK [2][-]{subsection.10.1}{\376\377\000R\000\364\000l\000e\000\040\000d\000u\000\040\000s\000e\000r\000v\000e\000u\000r}{section.10}% 39
\BOOKMARK [2][-]{subsection.10.2}{\376\377\000D\000\351\000p\000e\000n\000d\000a\000n\000c\000e\000s\000\040\000d\000e\000\040\000S\000e\000r\000v\000e\000r\000I\000m\000p\000l}{section.10}% 40
\BOOKMARK [2][-]{subsection.10.3}{\376\377\000I\000n\000t\000e\000r\000f\000a\000c\000e\000\040\000I\000S\000e\000r\000v\000e\000r}{section.10}% 41
\BOOKMARK [2][-]{subsection.10.4}{\376\377\000G\000e\000s\000t\000i\000o\000n\000\040\000d\000u\000\040\000l\000o\000g\000g\000i\000n\000g}{section.10}% 42
\BOOKMARK [2][-]{subsection.10.5}{\376\377\000C\000o\000m\000p\000o\000r\000t\000e\000m\000e\000n\000t\000\040\000a\000t\000t\000e\000n\000d\000u}{section.10}% 43
\BOOKMARK [1][-]{section.11}{\376\377\000\311\000v\000o\000l\000u\000t\000i\000o\000n\000\040\000d\000e\000\040\000M\000e\000s\000s\000a\000g\000e\000I\000m\000p\000l}{}% 44
\BOOKMARK [2][-]{subsection.11.1}{\376\377\000R\000\364\000l\000e\000\040\000d\000u\000\040\000m\000e\000s\000s\000a\000g\000e}{section.11}% 45
\BOOKMARK [2][-]{subsection.11.2}{\376\377\000D\000e\000s\000t\000i\000n\000a\000t\000i\000o\000n\000\040\000t\000y\000p\000\351\000e\000\040\000p\000a\000r\000\040\000I\000S\000e\000r\000v\000e\000r}{section.11}% 46
\BOOKMARK [2][-]{subsection.11.3}{\376\377\000M\000\351\000t\000h\000o\000d\000e\000\040\000p\000r\000i\000n\000t\000\137\000m\000e\000s\000s\000a\000g\000e}{section.11}% 47
\BOOKMARK [1][-]{section.12}{\376\377\000\311\000v\000o\000l\000u\000t\000i\000o\000n\000\040\000d\000u\000\040\000m\000o\000t\000e\000u\000r\000\040\000E\000n\000g\000i\000n\000e\000.\000p\000y}{}% 48
\BOOKMARK [2][-]{subsection.12.1}{\376\377\000R\000\364\000l\000e\000\040\000d\000u\000\040\000m\000o\000t\000e\000u\000r}{section.12}% 49
\BOOKMARK [2][-]{subsection.12.2}{\376\377\000I\000m\000p\000o\000r\000t\000s\000\040\000d\000u\000\040\000m\000o\000t\000e\000u\000r}{section.12}% 50
\BOOKMARK [2][-]{subsection.12.3}{\376\377\000C\000r\000\351\000a\000t\000i\000o\000n\000\040\000d\000e\000s\000\040\000c\000l\000i\000e\000n\000t\000s\000\040\000e\000t\000\040\000d\000e\000s\000\040\000s\000e\000r\000v\000e\000u\000r\000s}{section.12}% 51
\BOOKMARK [2][-]{subsection.12.4}{\376\377\000M\000\351\000t\000h\000o\000d\000e\000s\000\040\000a\000t\000t\000e\000n\000d\000u\000e\000s\000\040\000d\000a\000n\000s\000\040\000E\000n\000g\000i\000n\000e}{section.12}% 52
\BOOKMARK [1][-]{section.13}{\376\377\000T\000e\000s\000t\000s\000\040\000r\000\351\000a\000l\000i\000s\000\351\000s}{}% 53
\BOOKMARK [2][-]{subsection.13.1}{\376\377\000M\000\351\000t\000h\000o\000d\000o\000l\000o\000g\000i\000e\000\040\000g\000\351\000n\000\351\000r\000a\000l\000e}{section.13}% 54
\BOOKMARK [2][-]{subsection.13.2}{\376\377\000T\000e\000s\000t\000\040\000d\000e\000\040\000C\000o\000n\000f\000i\000g\000I\000m\000p\000l}{section.13}% 55
\BOOKMARK [2][-]{subsection.13.3}{\376\377\000T\000e\000s\000t\000\040\000d\000e\000\040\000C\000l\000i\000e\000n\000t\000I\000m\000p\000l}{section.13}% 56
\BOOKMARK [2][-]{subsection.13.4}{\376\377\000T\000e\000s\000t\000\040\000d\000e\000\040\000Q\000u\000e\000u\000e\000I\000m\000p\000l}{section.13}% 57
\BOOKMARK [2][-]{subsection.13.5}{\376\377\000T\000e\000s\000t\000\040\000d\000e\000\040\000S\000e\000r\000v\000e\000r\000I\000m\000p\000l}{section.13}% 58
\BOOKMARK [2][-]{subsection.13.6}{\376\377\000T\000e\000s\000t\000\040\000d\000e\000\040\000M\000e\000s\000s\000a\000g\000e\000I\000m\000p\000l}{section.13}% 59
\BOOKMARK [1][-]{section.14}{\376\377\000J\000o\000u\000r\000n\000a\000l\000i\000s\000a\000t\000i\000o\000n}{}% 60
\BOOKMARK [2][-]{subsection.14.1}{\376\377\000R\000\364\000l\000e\000\040\000d\000u\000\040\000l\000o\000g\000g\000i\000n\000g}{section.14}% 61
\BOOKMARK [2][-]{subsection.14.2}{\376\377\000C\000h\000a\000r\000g\000e\000m\000e\000n\000t\000\040\000h\000o\000m\000o\000g\000\350\000n\000e\000\040\000d\000e\000\040\000l\000a\000\040\000c\000o\000n\000f\000i\000g\000u\000r\000a\000t\000i\000o\000n}{section.14}% 62
\BOOKMARK [2][-]{subsection.14.3}{\376\377\000E\000x\000e\000m\000p\000l\000e\000\040\000d\000e\000\040\000m\000\351\000c\000a\000n\000i\000s\000m\000e\000\040\000d\000e\000\040\000s\000e\000c\000o\000u\000r\000s}{section.14}% 63
\BOOKMARK [1][-]{section.15}{\376\377\000V\000a\000l\000i\000d\000a\000t\000i\000o\000n\000\040\000e\000x\000p\000\351\000r\000i\000m\000e\000n\000t\000a\000l\000e\000\040\000p\000a\000r\000\040\000l\000e\000s\000\040\000t\000r\000a\000c\000e\000s\000\040\000d\000'\000e\000x\000\351\000c\000u\000t\000i\000o\000n}{}% 64
\BOOKMARK [2][-]{subsection.15.1}{\376\377\000O\000b\000j\000e\000c\000t\000i\000f\000\040\000d\000e\000\040\000l\000a\000\040\000v\000a\000l\000i\000d\000a\000t\000i\000o\000n}{section.15}% 65
\BOOKMARK [2][-]{subsection.15.2}{\376\377\000R\000a\000p\000p\000e\000l\000\040\000d\000e\000s\000\040\000f\000o\000r\000m\000u\000l\000e\000s\000\040\000t\000h\000\351\000o\000r\000i\000q\000u\000e\000s\000\040\000M\000/\000M\000/\0001}{section.15}% 66
\BOOKMARK [2][-]{subsection.15.3}{\376\377\000M\000\351\000t\000h\000o\000d\000e\000\040\000u\000t\000i\000l\000i\000s\000\351\000e\000\040\000d\000a\000n\000s\000\040\000E\000n\000g\000i\000n\000e\000.\000p\000y}{section.15}% 67
\BOOKMARK [2][-]{subsection.15.4}{\376\377\000I\000n\000t\000e\000r\000p\000r\000\351\000t\000a\000t\000i\000o\000n\000\040\000a\000t\000t\000e\000n\000d\000u\000e\000\040\000d\000e\000s\000\040\000r\000\351\000s\000u\000l\000t\000a\000t\000s}{section.15}% 68
\BOOKMARK [2][-]{subsection.15.5}{\376\377\000C\000a\000p\000t\000u\000r\000e\000s\000\040\000d\000'\000\351\000c\000r\000a\000n\000\040\000d\000e\000s\000\040\000l\000o\000g\000s\000\040\000e\000t\000\040\000d\000e\000\040\000l\000'\000a\000f\000f\000i\000c\000h\000a\000g\000e\000\040\000c\000o\000n\000s\000o\000l\000e}{section.15}% 69
\BOOKMARK [2][-]{subsection.15.6}{\376\377\000A\000p\000p\000o\000r\000t\000\040\000d\000e\000\040\000c\000e\000t\000t\000e\000\040\000v\000a\000l\000i\000d\000a\000t\000i\000o\000n}{section.15}% 70
\BOOKMARK [1][-]{section.16}{\376\377\000I\000n\000t\000\351\000g\000r\000a\000t\000i\000o\000n\000\040\000a\000v\000e\000c\000\040\000l\000e\000\040\000s\000c\000h\000e\000d\000u\000l\000e\000r}{}% 71
\BOOKMARK [2][-]{subsection.16.1}{\376\377\000R\000a\000p\000p\000e\000l\000\040\000d\000u\000\040\000r\000\364\000l\000e\000\040\000d\000u\000\040\000s\000c\000h\000e\000d\000u\000l\000e\000r}{section.16}% 72
\BOOKMARK [2][-]{subsection.16.2}{\376\377\000L\000i\000e\000n\000\040\000a\000v\000e\000c\000\040\000l\000e\000s\000\040\000n\000o\000u\000v\000e\000a\000u\000x\000\040\000c\000o\000m\000p\000o\000s\000a\000n\000t\000s}{section.16}% 73
\BOOKMARK [2][-]{subsection.16.3}{\376\377\000S\000c\000\351\000n\000a\000r\000i\000o\000\040\000c\000o\000n\000c\000e\000p\000t\000u\000e\000l}{section.16}% 74
\BOOKMARK [1][-]{section.17}{\376\377\000P\000r\000\351\000p\000a\000r\000a\000t\000i\000o\000n\000\040\000d\000e\000s\000\040\000m\000\351\000t\000r\000i\000q\000u\000e\000s}{}% 75
\BOOKMARK [2][-]{subsection.17.1}{\376\377\000M\000\351\000t\000r\000i\000q\000u\000e\000s\000\040\000a\000t\000t\000e\000n\000d\000u\000e\000s}{section.17}% 76
\BOOKMARK [2][-]{subsection.17.2}{\376\377\000T\000e\000m\000p\000s\000\040\000d\000e\000\040\000s\000\351\000j\000o\000u\000r}{section.17}% 77
\BOOKMARK [2][-]{subsection.17.3}{\376\377\000N\000o\000m\000b\000r\000e\000\040\000m\000o\000y\000e\000n\000\040\000d\000e\000\040\000m\000e\000s\000s\000a\000g\000e\000s}{section.17}% 78
\BOOKMARK [2][-]{subsection.17.4}{\376\377\000L\000o\000i\000\040\000d\000e\000\040\000L\000i\000t\000t\000l\000e}{section.17}% 79
\BOOKMARK [1][-]{section.18}{\376\377\000L\000i\000e\000n\000\040\000a\000v\000e\000c\000\040\000l\000e\000s\000\040\000m\000o\000d\000\350\000l\000e\000s\000\040\000d\000e\000\040\000f\000i\000l\000e\000\040\000d\040\031\000a\000t\000t\000e\000n\000t\000e}{}% 80
\BOOKMARK [2][-]{subsection.18.1}{\376\377\000M\000o\000d\000\350\000l\000e\000\040\000M\000/\000M\000/\0001}{section.18}% 81
\BOOKMARK [2][-]{subsection.18.2}{\376\377\000M\000o\000d\000\350\000l\000e\000s\000\040\000M\000/\000M\000/\0001\000/\000K}{section.18}% 82
\BOOKMARK [2][-]{subsection.18.3}{\376\377\000M\000o\000d\000\350\000l\000e\000\040\000M\000/\000M\000/\0003\000/\0008}{section.18}% 83
\BOOKMARK [1][-]{section.19}{\376\377\000S\000y\000n\000t\000h\000\350\000s\000e\000\040\000d\000e\000\040\000l\000a\000\040\000s\000\351\000a\000n\000c\000e\000\040\0002}{}% 84
\BOOKMARK [1][-]{section.20}{\376\377\000C\000o\000n\000c\000l\000u\000s\000i\000o\000n}{}% 85
\BOOKMARK [1][-]{section.A}{\376\377\000A\000n\000n\000e\000x\000e\000\040\000A\000\040\040\023\000\040\000C\000o\000n\000f\000i\000g\000I\000m\000p\000l\000.\000p\000y}{}% 86
\BOOKMARK [1][-]{section.B}{\376\377\000A\000n\000n\000e\000x\000e\000\040\000B\000\040\040\023\000\040\000C\000l\000i\000e\000n\000t\000I\000m\000p\000l\000.\000p\000y}{}% 87
\BOOKMARK [1][-]{section.C}{\376\377\000A\000n\000n\000e\000x\000e\000\040\000C\000\040\040\023\000\040\000Q\000u\000e\000u\000e\000I\000m\000p\000l\000.\000p\000y}{}% 88
\BOOKMARK [1][-]{section.D}{\376\377\000A\000n\000n\000e\000x\000e\000\040\000D\000\040\040\023\000\040\000S\000e\000r\000v\000e\000r\000I\000m\000p\000l\000.\000p\000y}{}% 89
\BOOKMARK [1][-]{section.E}{\376\377\000A\000n\000n\000e\000x\000e\000\040\000E\000\040\040\023\000\040\000D\000i\000s\000t\000r\000i\000b\000u\000t\000i\000o\000n\000.\000p\000y}{}% 90
\BOOKMARK [1][-]{section.F}{\376\377\000A\000n\000n\000e\000x\000e\000\040\000F\000\040\040\023\000\040\000P\000o\000i\000s\000s\000o\000n\000.\000p\000y}{}% 91
\BOOKMARK [1][-]{section.G}{\376\377\000A\000n\000n\000e\000x\000e\000\040\000G\000\040\040\023\000\040\000E\000x\000t\000r\000a\000i\000t\000\040\000d\000e\000\040\000E\000n\000g\000i\000n\000e\000.\000p\000y}{}% 92
\BOOKMARK [1][-]{section.H}{\376\377\000A\000n\000n\000e\000x\000e\000\040\000H\000\040\040\023\000\040\000C\000l\000i\000e\000n\000t\000I\000m\000p\000l\000T\000e\000s\000t\000.\000p\000y}{}% 93
\BOOKMARK [1][-]{section.I}{\376\377\000A\000n\000n\000e\000x\000e\000\040\000I\000\040\040\023\000\040\000Q\000u\000e\000u\000e\000I\000m\000p\000l\000T\000e\000s\000t\000.\000p\000y}{}% 94
\BOOKMARK [1][-]{section.J}{\376\377\000A\000n\000n\000e\000x\000e\000\040\000J\000\040\040\023\000\040\000S\000e\000r\000v\000e\000r\000I\000m\000p\000l\000T\000e\000s\000t\000.\000p\000y}{}% 95
\BOOKMARK [1][-]{section.K}{\376\377\000A\000n\000n\000e\000x\000e\000\040\000K\000\040\040\023\000\040\000C\000o\000n\000f\000i\000g\000I\000m\000p\000l\000T\000e\000s\000t\000.\000p\000y}{}% 96
\BOOKMARK [1][-]{section.L}{\376\377\000A\000n\000n\000e\000x\000e\000\040\000L\000\040\040\023\000\040\000E\000v\000e\000n\000t\000I\000m\000p\000l\000.\000p\000y}{}% 97
\BOOKMARK [1][-]{section.M}{\376\377\000A\000n\000n\000e\000x\000e\000\040\000M\000\040\040\023\000\040\000E\000v\000e\000n\000t\000I\000m\000p\000l\000M\000o\000c\000k\000T\000e\000s\000t\000.\000p\000y}{}% 98
\BOOKMARK [1][-]{section.N}{\376\377\000A\000n\000n\000e\000x\000e\000\040\000N\000\040\040\023\000\040\000E\000v\000e\000n\000t\000I\000m\000p\000l\000T\000e\000s\000t\000.\000p\000y}{}% 99
\BOOKMARK [1][-]{section.O}{\376\377\000A\000n\000n\000e\000x\000e\000\040\000O\000\040\040\023\000\040\000E\000v\000e\000n\000t\000T\000y\000p\000e\000.\000p\000y}{}% 100
\BOOKMARK [1][-]{section.P}{\376\377\000A\000n\000n\000e\000x\000e\000\040\000P\000\040\040\023\000\040\000G\000a\000t\000e\000w\000a\000y\000I\000m\000p\000l\000.\000p\000y}{}% 101
\BOOKMARK [1][-]{section.Q}{\376\377\000A\000n\000n\000e\000x\000e\000\040\000R\000\040\040\023\000\040\000I\000C\000l\000i\000e\000n\000t\000.\000p\000y}{}% 102
\BOOKMARK [1][-]{section.R}{\376\377\000A\000n\000n\000e\000x\000e\000\040\000S\000\040\040\023\000\040\000I\000C\000o\000n\000f\000i\000g\000.\000p\000y}{}% 103
\BOOKMARK [1][-]{section.S}{\376\377\000A\000n\000n\000e\000x\000e\000\040\000T\000\040\040\023\000\040\000I\000E\000v\000e\000n\000t\000.\000p\000y}{}% 104
\BOOKMARK [1][-]{section.T}{\376\377\000A\000n\000n\000e\000x\000e\000\040\000U\000\040\040\023\000\040\000I\000G\000a\000t\000e\000w\000a\000y\000.\000p\000y}{}% 105
\BOOKMARK [1][-]{section.U}{\376\377\000A\000n\000n\000e\000x\000e\000\040\000V\000\040\040\023\000\040\000I\000M\000e\000s\000s\000a\000g\000e\000.\000p\000y}{}% 106
\BOOKMARK [1][-]{section.V}{\376\377\000A\000n\000n\000e\000x\000e\000\040\000W\000\040\040\023\000\040\000I\000Q\000u\000e\000u\000e\000.\000p\000y}{}% 107
\BOOKMARK [1][-]{section.W}{\376\377\000A\000n\000n\000e\000x\000e\000\040\000X\000\040\040\023\000\040\000I\000S\000c\000h\000e\000d\000u\000l\000e\000r\000.\000p\000y}{}% 108
\BOOKMARK [1][-]{section.X}{\376\377\000A\000n\000n\000e\000x\000e\000\040\000Y\000\040\040\023\000\040\000I\000S\000e\000r\000v\000e\000r\000.\000p\000y}{}% 109
\BOOKMARK [1][-]{section.Y}{\376\377\000A\000n\000n\000e\000x\000e\000\040\000Z\000\040\040\023\000\040\000l\000o\000g\000g\000i\000n\000g\000c\000o\000n\000f\000i\000g\000.\000c\000n\000f}{}% 110
\BOOKMARK [1][-]{section.Z}{\376\377\000A\000n\000n\000e\000x\000e\000\040\000A\000A\000\040\040\023\000\040\000M\000e\000s\000s\000a\000g\000e\000.\000p\000y}{}% 111
\BOOKMARK [1][-]{section.Alph27}{\376\377\000A\000n\000n\000e\000x\000e\000\040\000A\000B\000\040\040\023\000\040\000M\000e\000s\000s\000a\000g\000e\000I\000m\000p\000l\000.\000p\000y}{}% 112
\BOOKMARK [1][-]{section.Alph28}{\376\377\000A\000n\000n\000e\000x\000e\000\040\000A\000C\000\040\040\023\000\040\000M\000e\000s\000s\000a\000g\000e\000I\000m\000p\000l\000T\000e\000s\000t\000.\000p\000y}{}% 113
\BOOKMARK [1][-]{section.Alph29}{\376\377\000A\000n\000n\000e\000x\000e\000\040\000A\000D\000\040\040\023\000\040\000S\000c\000h\000e\000d\000u\000l\000e\000r\000I\000m\000p\000l\000.\000p\000y}{}% 114
