2026-05-05 22:42:14 DEBUG __main__: +++ Engine : print_scheduler ...
2026-05-05 22:42:14 INFO __main__: Event ID: 1, Type: SEND_MSG, Time: 1.202
Event ID: 2, Type: RECV_MSG, Time: 1.916
Event ID: 3, Type: SEND_MSG, Time: 2.32
Event ID: 4, Type: RECV_MSG, Time: 2.391
Event ID: 5, Type: MSG_DEPT, Time: 4.572
Event ID: 6, Type: MSG_DEPT, Time: 5.916

2026-05-06 11:21:00 DEBUG net.lecnam.rcp103.tp2.EventImpl: +++ EventImpl : START print_event msg=[Message] ID=1 | src=Alice | dst=Bob | timestamp=1.1300
2026-05-06 11:21:12 DEBUG net.lecnam.rcp103.tp2.EventImpl: +++ EventImpl : START print_event msg=[Message] ID=1 | src=Alice | dst=Bob | timestamp=1.1300
2026-05-06 11:24:18 ERROR net.lecnam.rcp103.tp2.EventImpl: Invalid event type: SEND_MSG_ZZZ. Must be one of: ['SEND_MSG', 'RECV_MSG', 'MSG_DEPT']
2026-05-06 11:25:30 ERROR net.lecnam.rcp103.tp2.EventImpl: +++ EventImpl __init__  Invalid event type in Constructor: SEND_MSG_ZZZ. Must be one of: ['SEND_MSG', 'RECV_MSG', 'MSG_DEPT']
2026-05-06 11:58:40 DEBUG __main__: +++ ConfigImplTest : START
2026-05-06 11:58:40 INFO __main__: +++ ConfigImplTest : seed= 3
2026-05-06 11:58:40 INFO __main__: +++ ConfigImplTest : out_dir= RCP103_TP2_OUTPUTS
2026-05-06 11:58:40 INFO __main__: +++ ConfigImplTest : Config created: [Config] seed=3 | output_dir=RCP103_TP2_OUTPUTS
2026-05-06 11:58:40 DEBUG __main__: +++ ConfigImplTest : END
2026-05-06 12:09:04 DEBUG __main__: +++ ConfigImplTest : START
2026-05-06 12:09:04 INFO __main__: +++ ConfigImplTest : seed= 3
2026-05-06 12:09:04 INFO __main__: +++ ConfigImplTest : out_dir= RCP103_TP2_OUTPUTS
2026-05-06 12:09:04 INFO __main__: +++ ConfigImplTest : log_cfg_file_path= logging_config.cnf
2026-05-06 12:09:04 INFO __main__: +++ ConfigImplTest : Config created: [Config] seed=3 | output_dir=RCP103_TP2_OUTPUTS | log_cfg_file_path=logging_config.cnf
2026-05-06 12:09:04 DEBUG __main__: +++ ConfigImplTest : END
2026-05-06 12:16:52 DEBUG matplotlib: matplotlib data path: /usr/share/matplotlib/mpl-data
2026-05-06 12:16:52 DEBUG matplotlib: CONFIGDIR=/home/pinpin/.config/matplotlib
2026-05-06 12:16:52 DEBUG matplotlib: interactive is False
2026-05-06 12:16:52 DEBUG matplotlib: platform is linux
2026-05-06 12:16:52 DEBUG matplotlib: CACHEDIR=/home/pinpin/.cache/matplotlib
2026-05-06 12:16:52 DEBUG matplotlib.font_manager: Using fontManager instance from /home/pinpin/.cache/matplotlib/fontlist-v330.json
2026-05-06 12:16:52 DEBUG net.lecnam.rcp103.tp2.ConfigImpl: +++ ConfigImpl : START Constructor
2026-05-06 12:16:52 DEBUG net.lecnam.rcp103.tp2.ConfigImpl: +++ ConfigImpl : END Constructor
2026-05-06 12:16:52 DEBUG __main__: +++ ClientImplTest : START
2026-05-06 12:16:52 ERROR __main__: Exception dans ClientImplTest/Main
2026-05-06 12:28:55 DEBUG matplotlib: matplotlib data path: /usr/share/matplotlib/mpl-data
2026-05-06 12:28:55 DEBUG matplotlib: CONFIGDIR=/home/pinpin/.config/matplotlib
2026-05-06 12:28:55 DEBUG matplotlib: interactive is False
2026-05-06 12:28:55 DEBUG matplotlib: platform is linux
2026-05-06 12:28:55 DEBUG matplotlib: CACHEDIR=/home/pinpin/.cache/matplotlib
2026-05-06 12:28:55 DEBUG matplotlib.font_manager: Using fontManager instance from /home/pinpin/.cache/matplotlib/fontlist-v330.json
2026-05-06 12:28:56 DEBUG net.lecnam.rcp103.tp2.ConfigImpl: +++ ConfigImpl : START Constructor
2026-05-06 12:28:56 DEBUG net.lecnam.rcp103.tp2.ConfigImpl: +++ ConfigImpl : END Constructor
2026-05-06 12:28:56 DEBUG __main__: +++ QueueImplTest : START
2026-05-06 12:28:56 ERROR __main__: Exception dans QueueImplTest/Main
2026-05-06 12:30:33 DEBUG net.lecnam.rcp103.tp2.ConfigImpl: +++ ConfigImpl : START Constructor
2026-05-06 12:30:33 DEBUG net.lecnam.rcp103.tp2.ConfigImpl: +++ ConfigImpl : END Constructor
2026-05-06 12:30:48 DEBUG net.lecnam.rcp103.tp2.ConfigImpl: +++ ConfigImpl : START Constructor
2026-05-06 12:30:48 DEBUG net.lecnam.rcp103.tp2.ConfigImpl: +++ ConfigImpl : END Constructor
2026-05-06 12:30:48 DEBUG __main__: +++ QueueImplTest : START
2026-05-06 12:30:48 ERROR __main__: Exception dans QueueImplTest/Main
2026-05-06 12:33:05 DEBUG net.lecnam.rcp103.tp2.ConfigImpl: +++ ConfigImpl : START Constructor
2026-05-06 12:33:05 DEBUG net.lecnam.rcp103.tp2.ConfigImpl: +++ ConfigImpl : END Constructor
2026-05-06 12:33:05 DEBUG __main__: +++ QueueImplTest : START
2026-05-06 12:33:05 ERROR __main__: Exception dans QueueImplTest/Main
2026-05-06 12:33:39 DEBUG net.lecnam.rcp103.tp2.ConfigImpl: +++ ConfigImpl : START Constructor
2026-05-06 12:33:39 DEBUG net.lecnam.rcp103.tp2.ConfigImpl: +++ ConfigImpl : END Constructor
2026-05-06 12:33:39 DEBUG __main__: +++ ServerImplTest : START
2026-05-06 12:33:39 ERROR __main__: Exception dans ServerImplTest/Main
2026-05-06 12:34:21 DEBUG net.lecnam.rcp103.tp2.ConfigImpl: +++ ConfigImpl : START Constructor
2026-05-06 12:34:21 DEBUG net.lecnam.rcp103.tp2.ConfigImpl: +++ ConfigImpl : END Constructor
2026-05-06 12:34:21 DEBUG __main__: +++ ServerImplTest : START
2026-05-06 12:34:21 ERROR __main__: Exception dans ServerImplTest/Main
